2026-07-19 22:23:46.895 INFO  [restartedMain] c.m.editorial.EditorialApplication - Starting EditorialApplication using Java 21.0.2 with PID 25000 (C:\Temp\MediaHub_Final_Clean\MediaHub-Integrated_eurekaserver_apigateway\MediaHub-Integrated\editorial\target\classes started by 2506595 in C:\Temp\MediaHub_Final_Clean\MediaHub-Integrated_eurekaserver_apigateway\MediaHub-Integrated\editorial)
2026-07-19 22:23:46.917 DEBUG [restartedMain] c.m.editorial.EditorialApplication - Running with Spring Boot v3.3.4, Spring v6.1.13
2026-07-19 22:23:46.920 INFO  [restartedMain] c.m.editorial.EditorialApplication - No active profile set, falling back to 1 default profile: "default"
2026-07-19 22:23:47.017 INFO  [restartedMain] o.s.b.d.e.DevToolsPropertyDefaultsPostProcessor - Devtools property defaults active! Set 'spring.devtools.add-properties' to 'false' to disable
2026-07-19 22:23:47.017 INFO  [restartedMain] o.s.b.d.e.DevToolsPropertyDefaultsPostProcessor - For additional web related logging consider setting the 'logging.level.web' property to 'DEBUG'
2026-07-19 22:23:50.383 INFO  [restartedMain] o.s.d.r.c.RepositoryConfigurationDelegate - Bootstrapping Spring Data JPA repositories in DEFAULT mode.
2026-07-19 22:23:50.911 INFO  [restartedMain] o.s.d.r.c.RepositoryConfigurationDelegate - Finished Spring Data repository scanning in 499 ms. Found 3 JPA repository interfaces.
2026-07-19 22:23:51.894 INFO  [restartedMain] o.s.cloud.context.scope.GenericScope - BeanFactory id=26bb47c5-9770-37cc-914b-dd74c318221b
2026-07-19 22:23:53.153 WARN  [restartedMain] o.s.c.s.PostProcessorRegistrationDelegate$BeanPostProcessorChecker - Bean 'org.springframework.cloud.client.loadbalancer.LoadBalancerAutoConfiguration$DeferringLoadBalancerInterceptorConfig' of type [org.springframework.cloud.client.loadbalancer.LoadBalancerAutoConfiguration$DeferringLoadBalancerInterceptorConfig] is not eligible for getting processed by all BeanPostProcessors (for example: not eligible for auto-proxying). The currently created BeanPostProcessor [lbRestClientPostProcessor] is declared through a non-static factory method on that class; consider declaring it as static instead.
2026-07-19 22:23:53.162 WARN  [restartedMain] o.s.c.s.PostProcessorRegistrationDelegate$BeanPostProcessorChecker - Bean 'deferringLoadBalancerInterceptor' of type [org.springframework.cloud.client.loadbalancer.DeferringLoadBalancerInterceptor] is not eligible for getting processed by all BeanPostProcessors (for example: not eligible for auto-proxying). Is this bean getting eagerly injected into a currently created BeanPostProcessor [lbRestClientPostProcessor]? Check the corresponding BeanPostProcessor declaration and its dependencies.
2026-07-19 22:23:53.176 WARN  [restartedMain] o.s.c.s.PostProcessorRegistrationDelegate$BeanPostProcessorChecker - Bean 'org.springframework.cloud.client.loadbalancer.reactive.LoadBalancerBeanPostProcessorAutoConfiguration' of type [org.springframework.cloud.client.loadbalancer.reactive.LoadBalancerBeanPostProcessorAutoConfiguration] is not eligible for getting processed by all BeanPostProcessors (for example: not eligible for auto-proxying). The currently created BeanPostProcessor [loadBalancerWebClientBuilderBeanPostProcessor] is declared through a non-static factory method on that class; consider declaring it as static instead.
2026-07-19 22:23:53.185 WARN  [restartedMain] o.s.c.s.PostProcessorRegistrationDelegate$BeanPostProcessorChecker - Bean 'org.springframework.cloud.client.loadbalancer.reactive.LoadBalancerBeanPostProcessorAutoConfiguration$ReactorDeferringLoadBalancerFilterConfig' of type [org.springframework.cloud.client.loadbalancer.reactive.LoadBalancerBeanPostProcessorAutoConfiguration$ReactorDeferringLoadBalancerFilterConfig] is not eligible for getting processed by all BeanPostProcessors (for example: not eligible for auto-proxying). Is this bean getting eagerly injected into a currently created BeanPostProcessor [loadBalancerWebClientBuilderBeanPostProcessor]? Check the corresponding BeanPostProcessor declaration and its dependencies.
2026-07-19 22:23:53.192 WARN  [restartedMain] o.s.c.s.PostProcessorRegistrationDelegate$BeanPostProcessorChecker - Bean 'reactorDeferringLoadBalancerExchangeFilterFunction' of type [org.springframework.cloud.client.loadbalancer.reactive.DeferringLoadBalancerExchangeFilterFunction] is not eligible for getting processed by all BeanPostProcessors (for example: not eligible for auto-proxying). Is this bean getting eagerly injected into a currently created BeanPostProcessor [loadBalancerWebClientBuilderBeanPostProcessor]? Check the corresponding BeanPostProcessor declaration and its dependencies.
2026-07-19 22:23:54.647 INFO  [restartedMain] o.s.b.w.e.tomcat.TomcatWebServer - Tomcat initialized with port 9097 (http)
2026-07-19 22:23:54.682 INFO  [restartedMain] o.a.coyote.http11.Http11NioProtocol - Initializing ProtocolHandler ["http-nio-9097"]
2026-07-19 22:23:54.692 INFO  [restartedMain] o.a.catalina.core.StandardService - Starting service [Tomcat]
2026-07-19 22:23:54.693 INFO  [restartedMain] o.a.catalina.core.StandardEngine - Starting Servlet engine: [Apache Tomcat/10.1.30]
2026-07-19 22:23:54.930 INFO  [restartedMain] o.a.c.c.C.[Tomcat].[localhost].[/] - Initializing Spring embedded WebApplicationContext
2026-07-19 22:23:54.931 INFO  [restartedMain] o.s.b.w.s.c.ServletWebServerApplicationContext - Root WebApplicationContext: initialization completed in 7912 ms
2026-07-19 22:23:55.727 DEBUG [restartedMain] c.m.editorial.security.JwtFilter - Filter 'jwtFilter' configured for use
2026-07-19 22:23:56.187 INFO  [restartedMain] o.h.jpa.internal.util.LogHelper - HHH000204: Processing PersistenceUnitInfo [name: default]
2026-07-19 22:23:56.409 INFO  [restartedMain] org.hibernate.Version - HHH000412: Hibernate ORM core version 6.5.3.Final
2026-07-19 22:23:56.520 INFO  [restartedMain] o.h.c.i.RegionFactoryInitiator - HHH000026: Second-level cache disabled
2026-07-19 22:23:57.909 INFO  [restartedMain] o.s.o.j.p.SpringPersistenceUnitInfo - No LoadTimeWeaver setup: ignoring JPA class transformer
2026-07-19 22:23:58.118 INFO  [restartedMain] com.zaxxer.hikari.HikariDataSource - HikariPool-1 - Starting...
2026-07-19 22:23:59.290 INFO  [restartedMain] com.zaxxer.hikari.pool.HikariPool - HikariPool-1 - Added connection com.mysql.cj.jdbc.ConnectionImpl@13a1c0ec
2026-07-19 22:23:59.297 INFO  [restartedMain] com.zaxxer.hikari.HikariDataSource - HikariPool-1 - Start completed.
2026-07-19 22:24:02.756 INFO  [restartedMain] o.h.e.t.j.p.i.JtaPlatformInitiator - HHH000489: No JTA platform available (set 'hibernate.transaction.jta.platform' to enable JTA platform integration)
2026-07-19 22:24:02.924 INFO  [restartedMain] o.s.o.j.LocalContainerEntityManagerFactoryBean - Initialized JPA EntityManagerFactory for persistence unit 'default'
2026-07-19 22:24:05.396 WARN  [restartedMain] o.s.b.a.o.j.JpaBaseConfiguration$JpaWebConfiguration - spring.jpa.open-in-view is enabled by default. Therefore, database queries may be performed during view rendering. Explicitly configure spring.jpa.open-in-view to disable this warning
2026-07-19 22:24:05.535 WARN  [restartedMain] o.s.b.a.s.s.UserDetailsServiceAutoConfiguration - 

Using generated security password: 98b240b1-9185-4f7e-9bba-3b3c2139e106

This generated password is for development use only. Your security configuration must be updated before running your application in production.

2026-07-19 22:24:05.607 INFO  [restartedMain] o.s.s.c.a.a.c.InitializeUserDetailsBeanManagerConfigurer$InitializeUserDetailsManagerConfigurer - Global AuthenticationManager configured with UserDetailsService bean with name inMemoryUserDetailsManager
2026-07-19 22:24:07.697 INFO  [restartedMain] o.s.b.a.e.web.EndpointLinksResolver - Exposing 5 endpoints beneath base path '/actuator'
2026-07-19 22:24:09.755 WARN  [restartedMain] o.s.b.d.a.OptionalLiveReloadServer - Unable to start LiveReload server
2026-07-19 22:24:09.953 INFO  [restartedMain] o.s.c.n.e.c.DiscoveryClientOptionalArgsConfiguration - Eureka HTTP Client uses RestTemplate.
2026-07-19 22:24:10.317 WARN  [restartedMain] o.s.c.l.c.LoadBalancerCacheAutoConfiguration$LoadBalancerCaffeineWarnLogger - Spring Cloud LoadBalancer is currently working with the default cache. While this cache implementation is useful for development and tests, it's recommended to use Caffeine cache in production.You can switch to using Caffeine cache, by adding it and org.springframework.cache.caffeine.CaffeineCacheManager to the classpath.
2026-07-19 22:24:10.573 INFO  [restartedMain] o.s.c.n.eureka.InstanceInfoFactory - Setting initial instance status as: STARTING
2026-07-19 22:24:10.651 INFO  [restartedMain] c.netflix.discovery.DiscoveryClient - Initializing Eureka in region us-east-1
2026-07-19 22:24:10.670 INFO  [restartedMain] c.n.d.s.r.aws.ConfigClusterResolver - Resolving eureka endpoints via configuration
2026-07-19 22:24:10.719 INFO  [restartedMain] c.netflix.discovery.DiscoveryClient - Disable delta property : false
2026-07-19 22:24:10.719 INFO  [restartedMain] c.netflix.discovery.DiscoveryClient - Single vip registry refresh property : null
2026-07-19 22:24:10.720 INFO  [restartedMain] c.netflix.discovery.DiscoveryClient - Force full registry fetch : false
2026-07-19 22:24:10.720 INFO  [restartedMain] c.netflix.discovery.DiscoveryClient - Application is null : false
2026-07-19 22:24:10.720 INFO  [restartedMain] c.netflix.discovery.DiscoveryClient - Registered Applications size is zero : true
2026-07-19 22:24:10.721 INFO  [restartedMain] c.netflix.discovery.DiscoveryClient - Application version is -1: true
2026-07-19 22:24:10.721 INFO  [restartedMain] c.netflix.discovery.DiscoveryClient - Getting all instance registry info from the eureka server
2026-07-19 22:24:12.022 INFO  [restartedMain] c.netflix.discovery.DiscoveryClient - The response status is 200
2026-07-19 22:24:12.038 INFO  [restartedMain] c.netflix.discovery.DiscoveryClient - Starting heartbeat executor: renew interval is: 10
2026-07-19 22:24:12.065 INFO  [restartedMain] c.n.discovery.InstanceInfoReplicator - InstanceInfoReplicator onDemand update allowed rate per min is 4
2026-07-19 22:24:12.074 INFO  [restartedMain] c.netflix.discovery.DiscoveryClient - Discovery Client initialized at timestamp 1784480052071 with initial instances count: 8
2026-07-19 22:24:12.121 INFO  [restartedMain] o.s.c.n.e.s.EurekaServiceRegistry - Registering application MEDIAHUB-EDITORIAL with eureka with status UP
2026-07-19 22:24:12.125 INFO  [restartedMain] c.netflix.discovery.DiscoveryClient - Saw local status change event StatusChangeEvent [timestamp=1784480052124, current=UP, previous=STARTING]
2026-07-19 22:24:12.129 INFO  [restartedMain] o.a.coyote.http11.Http11NioProtocol - Starting ProtocolHandler ["http-nio-9097"]
2026-07-19 22:24:12.133 INFO  [DiscoveryClient-InstanceInfoReplicator-%d] c.netflix.discovery.DiscoveryClient - DiscoveryClient_MEDIAHUB-EDITORIAL/LTIN709840.cts.com:mediahub-editorial:9097: registering service...
2026-07-19 22:24:12.231 INFO  [restartedMain] o.s.b.w.e.tomcat.TomcatWebServer - Tomcat started on port 9097 (http) with context path '/'
2026-07-19 22:24:12.241 INFO  [restartedMain] o.s.c.n.e.s.EurekaAutoServiceRegistration - Updating port to 9097
2026-07-19 22:24:12.307 INFO  [DiscoveryClient-InstanceInfoReplicator-%d] c.netflix.discovery.DiscoveryClient - DiscoveryClient_MEDIAHUB-EDITORIAL/LTIN709840.cts.com:mediahub-editorial:9097 - registration status: 204
2026-07-19 22:24:12.321 INFO  [restartedMain] c.m.editorial.EditorialApplication - Started EditorialApplication in 26.439 seconds (process running for 27.335)
2026-07-19 22:24:12.542 INFO  [restartedMain] c.m.editorial.EditorialApplication - EditorialApplication started successfully
