[INFO] Scanning for projects...
[INFO] 
[INFO] ---------------------< com.mediahub:eureka-server >---------------------
[INFO] Building mediahub-eureka-server 1.0
[INFO]   from pom.xml
[INFO] --------------------------------[ jar ]---------------------------------
[INFO] 
[INFO] >>> spring-boot:3.3.0:run (default-cli) > test-compile @ eureka-server >>>
[INFO] 
[INFO] --- resources:3.3.1:resources (default-resources) @ eureka-server ---
[INFO] Copying 1 resource from src\main\resources to target\classes
[INFO] Copying 0 resource from src\main\resources to target\classes
[INFO] 
[INFO] --- compiler:3.13.0:compile (default-compile) @ eureka-server ---
[INFO] Nothing to compile - all classes are up to date.
[INFO] 
[INFO] --- resources:3.3.1:testResources (default-testResources) @ eureka-server ---
[INFO] skip non existing resourceDirectory C:\Temp\MediaHub_Final_Clean\MediaHub-Integrated_eurekaserver_apigateway\MediaHub-Integrated\eureka-server\src\test\resources
[INFO] 
[INFO] --- compiler:3.13.0:testCompile (default-testCompile) @ eureka-server ---
[INFO] No sources to compile
[INFO] 
[INFO] <<< spring-boot:3.3.0:run (default-cli) < test-compile @ eureka-server <<<
[INFO] 
[INFO] 
[INFO] --- spring-boot:3.3.0:run (default-cli) @ eureka-server ---
[INFO] Attaching agents: []
Standard Commons Logging discovery in action with spring-jcl: please remove commons-logging.jar from classpath in order to avoid potential conflicts
  .   ____          _            __ _ _
 /\\ / ___'_ __ _ _(_)_ __  __ _ \ \ \ \
( ( )\___ | '_ | '_| | '_ \/ _` | \ \ \ \
 \\/  ___)| |_)| | | | | || (_| |  ) ) ) )
  '  |____| .__|_| |_|_| |_\__, | / / / /
 =========|_|==============|___/=/_/_/_/

 :: Spring Boot ::                (v3.3.0)

2026-07-22T15:43:50.743+05:30  INFO 16700 --- [mediahub-eureka-server] [           main] c.m.eureka.EurekaServerApplication       : Starting EurekaServerApplication using Java 21.0.2 with PID 16700 (C:\Temp\MediaHub_Final_Clean\MediaHub-Integrated_eurekaserver_apigateway\MediaHub-Integrated\eureka-server\target\classes started by 2506595 in C:\Temp\MediaHub_Final_Clean\MediaHub-Integrated_eurekaserver_apigateway\MediaHub-Integrated\eureka-server)
2026-07-22T15:43:50.746+05:30  INFO 16700 --- [mediahub-eureka-server] [           main] c.m.eureka.EurekaServerApplication       : No active profile set, falling back to 1 default profile: "default"
2026-07-22T15:43:52.682+05:30  INFO 16700 --- [mediahub-eureka-server] [           main] o.s.cloud.context.scope.GenericScope     : BeanFactory id=ff673a54-79d9-3e0d-8447-f83695a7e903
2026-07-22T15:43:52.762+05:30  WARN 16700 --- [mediahub-eureka-server] [           main] trationDelegate$BeanPostProcessorChecker : Bean 'org.springframework.cloud.client.loadbalancer.LoadBalancerAutoConfiguration$DeferringLoadBalancerInterceptorConfig' of type [org.springframework.cloud.client.loadbalancer.LoadBalancerAutoConfiguration$DeferringLoadBalancerInterceptorConfig] is not eligible for getting processed by all BeanPostProcessors (for example: not eligible for auto-proxying). The currently created BeanPostProcessor [lbRestClientPostProcessor] is declared through a non-static factory method on that class; consider declaring it as static instead.
2026-07-22T15:43:52.766+05:30  WARN 16700 --- [mediahub-eureka-server] [           main] trationDelegate$BeanPostProcessorChecker : Bean 'deferringLoadBalancerInterceptor' of type [org.springframework.cloud.client.loadbalancer.DeferringLoadBalancerInterceptor] is not eligible for getting processed by all BeanPostProcessors (for example: not eligible for auto-proxying). Is this bean getting eagerly injected into a currently created BeanPostProcessor [lbRestClientPostProcessor]? Check the corresponding BeanPostProcessor declaration and its dependencies.
2026-07-22T15:43:53.153+05:30  INFO 16700 --- [mediahub-eureka-server] [           main] o.s.b.w.embedded.tomcat.TomcatWebServer  : Tomcat initialized with port 8761 (http)
2026-07-22T15:43:53.171+05:30  INFO 16700 --- [mediahub-eureka-server] [           main] o.apache.catalina.core.StandardService   : Starting service [Tomcat]
2026-07-22T15:43:53.172+05:30  INFO 16700 --- [mediahub-eureka-server] [           main] o.apache.catalina.core.StandardEngine    : Starting Servlet engine: [Apache Tomcat/10.1.24]
2026-07-22T15:43:53.340+05:30  INFO 16700 --- [mediahub-eureka-server] [           main] o.a.c.c.C.[Tomcat].[localhost].[/]       : Initializing Spring embedded WebApplicationContext
2026-07-22T15:43:53.345+05:30  INFO 16700 --- [mediahub-eureka-server] [           main] w.s.c.ServletWebServerApplicationContext : Root WebApplicationContext: initialization completed in 2515 ms
Standard Commons Logging discovery in action with spring-jcl: please remove commons-logging.jar from classpath in order to avoid potential conflicts
2026-07-22T15:43:56.286+05:30  WARN 16700 --- [mediahub-eureka-server] [           main] iguration$LoadBalancerCaffeineWarnLogger : Spring Cloud LoadBalancer is currently working with the default cache. While this cache implementation is useful for development and tests, it's recommended to use Caffeine cache in production.You can switch to using Caffeine cache, by adding it and org.springframework.cache.caffeine.CaffeineCacheManager to the classpath.
2026-07-22T15:43:56.313+05:30  INFO 16700 --- [mediahub-eureka-server] [           main] o.s.c.n.eureka.InstanceInfoFactory       : Setting initial instance status as: STARTING
2026-07-22T15:43:56.393+05:30  WARN 16700 --- [mediahub-eureka-server] [           main] c.n.eureka.cluster.PeerEurekaNodes       : The replica size seems to be empty. Check the route 53 DNS Registry
2026-07-22T15:43:56.417+05:30  INFO 16700 --- [mediahub-eureka-server] [           main] o.s.b.a.e.web.EndpointLinksResolver      : Exposing 17 endpoints beneath base path '/actuator'
2026-07-22T15:43:56.485+05:30  INFO 16700 --- [mediahub-eureka-server] [           main] o.s.c.n.e.s.EurekaServiceRegistry        : Registering application MEDIAHUB-EUREKA-SERVER with eureka with status UP
2026-07-22T15:43:56.508+05:30  INFO 16700 --- [mediahub-eureka-server] [       Thread-9] o.s.c.n.e.server.EurekaServerBootstrap   : isAws returned false
2026-07-22T15:43:56.509+05:30  INFO 16700 --- [mediahub-eureka-server] [       Thread-9] o.s.c.n.e.server.EurekaServerBootstrap   : Initialized server context
2026-07-22T15:43:56.516+05:30  INFO 16700 --- [mediahub-eureka-server] [       Thread-9] e.s.EurekaServerInitializerConfiguration : Started Eureka Server
2026-07-22T15:43:56.546+05:30  INFO 16700 --- [mediahub-eureka-server] [           main] o.s.c.n.e.s.EurekaServiceRegistry        : Unregistering application MEDIAHUB-EUREKA-SERVER with eureka with status DOWN
2026-07-22T15:43:56.547+05:30  INFO 16700 --- [mediahub-eureka-server] [           main] o.s.c.n.e.server.EurekaServerBootstrap   : Shutting down Eureka Server..
2026-07-22T15:43:56.548+05:30  INFO 16700 --- [mediahub-eureka-server] [           main] o.s.c.n.e.server.EurekaServerBootstrap   : Eureka Service is now shutdown...
2026-07-22T15:43:56.549+05:30  WARN 16700 --- [mediahub-eureka-server] [           main] ConfigServletWebServerApplicationContext : Exception encountered during context initialization - cancelling refresh attempt: org.springframework.context.ApplicationContextException: Failed to start bean 'webServerStartStop'
2026-07-22T15:43:56.611+05:30  INFO 16700 --- [mediahub-eureka-server] [           main] .s.b.a.l.ConditionEvaluationReportLogger : 

Error starting ApplicationContext. To display the condition evaluation report re-run your application with 'debug' enabled.
2026-07-22T15:43:56.645+05:30 ERROR 16700 --- [mediahub-eureka-server] [           main] o.s.b.d.LoggingFailureAnalysisReporter   : 

***************************
APPLICATION FAILED TO START
***************************

Description:

Web server failed to start. Port 8761 was already in use.

Action:

Identify and stop the process that's listening on port 8761 or configure this application to listen on another port.

[INFO] ------------------------------------------------------------------------
[INFO] BUILD FAILURE
[INFO] ------------------------------------------------------------------------
[INFO] Total time:  12.282 s
[INFO] Finished at: 2026-07-22T15:43:56+05:30
[INFO] ------------------------------------------------------------------------
[ERROR] Failed to execute goal org.springframework.boot:spring-boot-maven-plugin:3.3.0:run (default-cli) on project eureka-server: Process terminated with exit code: 1 -> [Help 1]
[ERROR] 
[ERROR] To see the full stack trace of the errors, re-run Maven with the -e switch.
[ERROR] Re-run Maven using the -X switch to enable full debug logging.
[ERROR] 
[ERROR] For more information about the errors and possible solutions, please read the following articles:
[ERROR] [Help 1] http://cwiki.apache.org/confluence/display/MAVEN/MojoExecutionException
